Archive member included to satisfy reference by file (symbol)

/home/mirko/Workspaces/MCUXpresso_25.6.136/CMSIS_CORE_LPC11xx/Release/libCMSIS_CORE_LPC11xx.a(system_LPC11xx.o)
                              ./src/app_main.o (symbol from plugin) (SystemCoreClock)
/home/mirko/Projekte/Hardware/KNX/_GIT_Selfbus/software-arm-lib/sblib/Release/libsblib.a(digital_pin.o)
                              ./src/app_main.o (symbol from plugin) (pinMode(int, int))
/home/mirko/Projekte/Hardware/KNX/_GIT_Selfbus/software-arm-lib/sblib/Release/libsblib.a(platform.o)
                              digital_pin.o (symbol from plugin) (ioconPointer(int))
/home/mirko/Projekte/Hardware/KNX/_GIT_Selfbus/software-arm-lib/sblib/Release/libsblib.a(bcu1.o)
                              ./src/app_main.o (symbol from plugin) (BCU1::BCU1())
/home/mirko/Projekte/Hardware/KNX/_GIT_Selfbus/software-arm-lib/sblib/Release/libsblib.a(bcu_base.o)
                              bcu1.o (symbol from plugin) (BcuBase::maxTelegramSize())
/home/mirko/Projekte/Hardware/KNX/_GIT_Selfbus/software-arm-lib/sblib/Release/libsblib.a(bcu_default.o)
                              bcu1.o (symbol from plugin) (BcuDefault::processGroupAddressTelegram(ApciCommand, unsigned short, unsigned char*, unsigned char))
/home/mirko/Projekte/Hardware/KNX/_GIT_Selfbus/software-arm-lib/sblib/Release/libsblib.a(bus.o)
                              bcu_base.o (symbol from plugin) (Bus::Bus(BcuBase*, Timer&, int, int, TimerCapture, TimerMatch))
/home/mirko/Projekte/Hardware/KNX/_GIT_Selfbus/software-arm-lib/sblib/Release/libsblib.a(com_objects.o)
                              bcu1.o (symbol from plugin) (ComObjects::ComObjects(BcuBase*))
/home/mirko/Projekte/Hardware/KNX/_GIT_Selfbus/software-arm-lib/sblib/Release/libsblib.a(com_objectsBCU1.o)
                              bcu1.o (symbol from plugin) (vtable for ComObjectsBCU1)
/home/mirko/Projekte/Hardware/KNX/_GIT_Selfbus/software-arm-lib/sblib/Release/libsblib.a(knx_tlayer4.o)
                              bcu_base.o (symbol from plugin) (TLayer4::_begin())
/home/mirko/Projekte/Hardware/KNX/_GIT_Selfbus/software-arm-lib/sblib/Release/libsblib.a(memory.o)
                              bcu1.o (symbol from plugin) (Memory::inRange(unsigned long) const)
/home/mirko/Projekte/Hardware/KNX/_GIT_Selfbus/software-arm-lib/sblib/Release/libsblib.a(userEeprom.o)
                              bcu1.o (symbol from plugin) (UserEeprom::operator[](unsigned long))
/home/mirko/Projekte/Hardware/KNX/_GIT_Selfbus/software-arm-lib/sblib/Release/libsblib.a(userRam.o)
                              bcu1.o (symbol from plugin) (UserRam::operator[](unsigned long))
/home/mirko/Projekte/Hardware/KNX/_GIT_Selfbus/software-arm-lib/sblib/Release/libsblib.a(debounce.o)
                              bcu_base.o (symbol from plugin) (Debouncer::Debouncer())
/home/mirko/Projekte/Hardware/KNX/_GIT_Selfbus/software-arm-lib/sblib/Release/libsblib.a(iap.o)
                              userEeprom.o (symbol from plugin) (iapEraseSector(unsigned int))
/home/mirko/Projekte/Hardware/KNX/_GIT_Selfbus/software-arm-lib/sblib/Release/libsblib.a(ioports.o)
                              digital_pin.o (symbol from plugin) (getPinFunctionNumber(int, short))
/home/mirko/Projekte/Hardware/KNX/_GIT_Selfbus/software-arm-lib/sblib/Release/libsblib.a(main.o)
                              ./src/cr_startup_lpc11xx.o (symbol from plugin) (main)
/home/mirko/Projekte/Hardware/KNX/_GIT_Selfbus/software-arm-lib/sblib/Release/libsblib.a(mem_mapper.o)
                              bcu_default.o (symbol from plugin) (MemMapper::doFlash() const)
/home/mirko/Projekte/Hardware/KNX/_GIT_Selfbus/software-arm-lib/sblib/Release/libsblib.a(print.o)
                              ./src/app_main.o (symbol from plugin) (Print::println())
/home/mirko/Projekte/Hardware/KNX/_GIT_Selfbus/software-arm-lib/sblib/Release/libsblib.a(serial.o)
                              ./src/app_main.o (symbol from plugin) (Serial::begin(int, SerialConfig))
/home/mirko/Projekte/Hardware/KNX/_GIT_Selfbus/software-arm-lib/sblib/Release/libsblib.a(serial0.o)
                              ./src/app_main.o (symbol from plugin) (serial)
/home/mirko/Projekte/Hardware/KNX/_GIT_Selfbus/software-arm-lib/sblib/Release/libsblib.a(timer.o)
                              ./src/app_main.o (symbol from plugin) (millis())
/home/mirko/Projekte/Hardware/KNX/_GIT_Selfbus/software-arm-lib/sblib/Release/libsblib.a(utils.o)
                              com_objects.o (symbol from plugin) (reverseCopy(unsigned char*, unsigned char const*, int))
/home/mirko/Projekte/Hardware/KNX/_GIT_Selfbus/software-arm-lib/sblib/Release/libsblib.a(version.o)
                              ./src/app_main.o (symbol from plugin) (getAppVersion())
/home/mirko/Projekte/Hardware/KNX/_GIT_Selfbus/software-arm-lib/sblib/Release/libsblib.a(addr_tablesBCU1.o)
                              bcu1.o (symbol from plugin) (vtable for AddrTablesBCU1)
[...]
Memory Configuration

Name             Origin             Length             Attributes
MFlash64         0x00000000         0x00010000         xr
RamLoc8          0x10000000         0x00002000         xrw
*default*        0x00000000         0xffffffff

Linker script and memory map

LOAD ./src/app_main.o
LOAD /tmp/ccMoJGjt.ltrans0.ltrans.o
LOAD /tmp/cc8vdzSv.debug.temp.o
LOAD /tmp/ccxwcYhC.debug.temp.o
LOAD /tmp/ccqIJ62s.debug.temp.o
LOAD /tmp/ccGeV7WH.debug.temp.o
LOAD /tmp/cc85TVeS.debug.temp.o
LOAD /tmp/ccHDCNr4.debug.temp.o
LOAD /tmp/ccschsgd.debug.temp.o
LOAD /tmp/ccKfcfVS.debug.temp.o
LOAD /tmp/ccLQz01I.debug.temp.o
LOAD /tmp/ccof4xYS.debug.temp.o
LOAD /tmp/cc2x47fT.debug.temp.o
LOAD /tmp/ccG3FrFb.debug.temp.o
LOAD /tmp/ccWRCrlh.debug.temp.o
LOAD /tmp/ccPGflkX.debug.temp.o
LOAD /tmp/cc3xWMns.debug.temp.o
LOAD /tmp/ccwiR1jt.debug.temp.o
LOAD /tmp/ccj6SHVK.debug.temp.o
LOAD /tmp/cchhX2Ia.debug.temp.o
LOAD /tmp/cc0vRMGh.debug.temp.o
LOAD /tmp/cc86FSAX.debug.temp.o
LOAD /tmp/cc0mpTCY.debug.temp.o
LOAD /tmp/ccCs4eDO.debug.temp.o
LOAD /tmp/cc8aypHE.debug.temp.o
LOAD /tmp/ccCMbd9B.debug.temp.o
LOAD /tmp/ccjBffap.debug.temp.o
LOAD /tmp/ccnjgjGn.debug.temp.o
LOAD /tmp/ccDMBrIU.debug.temp.o
LOAD /tmp/cc3VGp6o.debug.temp.o
LOAD /tmp/ccdcuhW4.debug.temp.o
LOAD ./src/cr_startup_lpc11xx.o
LOAD /home/mirko/Workspaces/MCUXpresso_25.6.136/CMSIS_CORE_LPC11xx/Release/libCMSIS_CORE_LPC11xx.a
LOAD /home/mirko/Projekte/Hardware/KNX/_GIT_Selfbus/software-arm-lib/sblib/Release/libsblib.a
START GROUP
LOAD /usr/local/mcuxpressoide-25.6.136/ide/plugins/com.nxp.mcuxpresso.tools.linux_25.6.0.202501151204/tools/bin/../lib/gcc/arm-none-eabi/14.2.1/thumb/v6-m/nofp/libgcc.a
LOAD /usr/local/mcuxpressoide-25.6.136/ide/plugins/com.nxp.mcuxpresso.tools.linux_25.6.0.202501151204/tools/bin/../lib/gcc/arm-none-eabi/14.2.1/../../../../arm-none-eabi/lib/thumb/v6-m/nofp/libc_nano.a
LOAD /usr/local/mcuxpressoide-25.6.136/ide/plugins/com.nxp.mcuxpresso.tools.linux_25.6.0.202501151204/tools/bin/../lib/gcc/arm-none-eabi/14.2.1/../../../../arm-none-eabi/lib/thumb/v6-m/nofp/libstdc++_nano.a
LOAD /usr/local/mcuxpressoide-25.6.136/ide/plugins/com.nxp.mcuxpresso.tools.linux_25.6.0.202501151204/tools/bin/../lib/gcc/arm-none-eabi/14.2.1/../../../../arm-none-eabi/lib/thumb/v6-m/nofp/libm.a
LOAD /usr/local/mcuxpressoide-25.6.136/ide/plugins/com.nxp.mcuxpresso.tools.linux_25.6.0.202501151204/tools/bin/../lib/gcc/arm-none-eabi/14.2.1/../../../../arm-none-eabi/lib/thumb/v6-m/nofp/libcr_newlib_nohost.a
LOAD /usr/local/mcuxpressoide-25.6.136/ide/plugins/com.nxp.mcuxpresso.tools.linux_25.6.0.202501151204/tools/bin/../lib/gcc/arm-none-eabi/14.2.1/thumb/v6-m/nofp/crti.o
LOAD /usr/local/mcuxpressoide-25.6.136/ide/plugins/com.nxp.mcuxpresso.tools.linux_25.6.0.202501151204/tools/bin/../lib/gcc/arm-none-eabi/14.2.1/thumb/v6-m/nofp/crtn.o
LOAD /usr/local/mcuxpressoide-25.6.136/ide/plugins/com.nxp.mcuxpresso.tools.linux_25.6.0.202501151204/tools/bin/../lib/gcc/arm-none-eabi/14.2.1/thumb/v6-m/nofp/crtbegin.o
LOAD /usr/local/mcuxpressoide-25.6.136/ide/plugins/com.nxp.mcuxpresso.tools.linux_25.6.0.202501151204/tools/bin/../lib/gcc/arm-none-eabi/14.2.1/thumb/v6-m/nofp/crtend.o
END GROUP
                0x00000000                        __base_MFlash64 = 0x0
                0x00000000                        __base_Flash = 0x0
                0x00010000                        __top_MFlash64 = 0x10000
                0x00010000                        __top_Flash = 0x10000
                0x10000000                        __base_RamLoc8 = 0x10000000
                0x10000000                        __base_RAM = 0x10000000
                0x10002000                        __top_RamLoc8 = 0x10002000
                0x10002000                        __top_RAM = 0x10002000

.text           0x00000000     0x3754
 FILL mask 0xff
                0x00000000                        __vectors_start__ = ABSOLUTE (.)
 *(.isr_vector)
 .isr_vector    0x00000000       0xc0 /tmp/ccMoJGjt.ltrans0.ltrans.o
                0x00000000                g_pfnVectors
                0x000000c0                        . = ALIGN (0x4)
                0x000000c0                        __section_table_start = .
                0x000000c0                        __data_section_table = .
                0x000000c0        0x4 LONG 0x3754 LOADADDR (.data)
                0x000000c4        0x4 LONG 0x10000000 ADDR (.data)
                0x000000c8        0x4 LONG 0x60 SIZEOF (.data)
                0x000000cc                        __data_section_table_end = .
                0x000000cc                        __bss_section_table = .
                0x000000cc        0x4 LONG 0x10000060 ADDR (.bss)
                0x000000d0        0x4 LONG 0x200 SIZEOF (.bss)
                0x000000d4                        __bss_section_table_end = .
                0x000000d4                        __section_table_end = .
 *(.after_vectors*)
 .after_vectors
                0x000000d4      0x24c /tmp/ccMoJGjt.ltrans0.ltrans.o
                0x000000dc                ResetISR
 *(.text*)
 .text          0x00000320     0x26a8 /tmp/ccMoJGjt.ltrans0.ltrans.o
 .text.startup  0x000029c8      0x2c4 /tmp/ccMoJGjt.ltrans0.ltrans.o
 .text.SystemInit
                0x00002c8c       0x88 /home/mirko/Workspaces/MCUXpresso_25.6.136/CMSIS_CORE_LPC11xx/Release/libCMSIS_CORE_LPC11xx.a(system_LPC11xx.o)
                0x00002c8c                SystemInit
 .text          0x00002d14      0x114 /usr/local/mcuxpressoide-25.6.136/ide/plugins/com.nxp.mcuxpresso.tools.linux_25.6.0.202501151204/tools/bin/../lib/gcc/arm-none-eabi/14.2.1/thumb/v6-m/nofp/libgcc.a(_udivsi3.o)
                0x00002d14                __udivsi3
                0x00002d14                __aeabi_uidiv
                0x00002e20                __aeabi_uidivmod
 .text          0x00002e28        0x4 /usr/local/mcuxpressoide-25.6.136/ide/plugins/com.nxp.mcuxpresso.tools.linux_25.6.0.202501151204/tools/bin/../lib/gcc/arm-none-eabi/14.2.1/thumb/v6-m/nofp/libgcc.a(_dvmd_tls.o)
                0x00002e28                __aeabi_ldiv0
                0x00002e28                __aeabi_idiv0
 .text          0x00002e2c       0x14 /usr/local/mcuxpressoide-25.6.136/ide/plugins/com.nxp.mcuxpresso.tools.linux_25.6.0.202501151204/tools/bin/../lib/gcc/arm-none-eabi/14.2.1/thumb/v6-m/nofp/libgcc.a(_thumb1_case_uhi.o)
                0x00002e2c                __gnu_thumb1_case_uhi
 .text          0x00002e40      0x1d4 /usr/local/mcuxpressoide-25.6.136/ide/plugins/com.nxp.mcuxpresso.tools.linux_25.6.0.202501151204/tools/bin/../lib/gcc/arm-none-eabi/14.2.1/thumb/v6-m/nofp/libgcc.a(_divsi3.o)
                0x00002e40                __aeabi_idiv
                0x00002e40                __divsi3
                0x0000300c                __aeabi_idivmod
 .text.memset   0x00003014       0x10 /usr/local/mcuxpressoide-25.6.136/ide/plugins/com.nxp.mcuxpresso.tools.linux_25.6.0.202501151204/tools/bin/../lib/gcc/arm-none-eabi/14.2.1/../../../../arm-none-eabi/lib/thumb/v6-m/nofp/libc_nano.a(libc_a-memset.o)
                0x00003014                memset
 .text.__libc_init_array
                0x00003024       0x48 /usr/local/mcuxpressoide-25.6.136/ide/plugins/com.nxp.mcuxpresso.tools.linux_25.6.0.202501151204/tools/bin/../lib/gcc/arm-none-eabi/14.2.1/../../../../arm-none-eabi/lib/thumb/v6-m/nofp/libc_nano.a(libc_a-init.o)
                0x00003024                __libc_init_array
 .text.__aeabi_atexit
                0x0000306c        0xe /usr/local/mcuxpressoide-25.6.136/ide/plugins/com.nxp.mcuxpresso.tools.linux_25.6.0.202501151204/tools/bin/../lib/gcc/arm-none-eabi/14.2.1/../../../../arm-none-eabi/lib/thumb/v6-m/nofp/libc_nano.a(libc_a-aeabi_atexit.o)
                0x0000306c                __aeabi_atexit
 .text.memcpy   0x0000307a       0x12 /usr/local/mcuxpressoide-25.6.136/ide/plugins/com.nxp.mcuxpresso.tools.linux_25.6.0.202501151204/tools/bin/../lib/gcc/arm-none-eabi/14.2.1/../../../../arm-none-eabi/lib/thumb/v6-m/nofp/libc_nano.a(libc_a-memcpy-stub.o)
                0x0000307a                memcpy
 .text          0x0000308c        0xe /usr/local/mcuxpressoide-25.6.136/ide/plugins/com.nxp.mcuxpresso.tools.linux_25.6.0.202501151204/tools/bin/../lib/gcc/arm-none-eabi/14.2.1/../../../../arm-none-eabi/lib/thumb/v6-m/nofp/libc_nano.a(libc_a-strlen.o)
                0x0000308c                strlen
 *fill*         0x0000309a        0x2 ff
 .text.__cxa_atexit
                0x0000309c       0x1c /usr/local/mcuxpressoide-25.6.136/ide/plugins/com.nxp.mcuxpresso.tools.linux_25.6.0.202501151204/tools/bin/../lib/gcc/arm-none-eabi/14.2.1/../../../../arm-none-eabi/lib/thumb/v6-m/nofp/libc_nano.a(libc_a-cxa_atexit.o)
                0x0000309c                __cxa_atexit
 .text._ZdlPvj  0x000030b8        0x8 /usr/local/mcuxpressoide-25.6.136/ide/plugins/com.nxp.mcuxpresso.tools.linux_25.6.0.202501151204/tools/bin/../lib/gcc/arm-none-eabi/14.2.1/../../../../arm-none-eabi/lib/thumb/v6-m/nofp/libstdc++_nano.a(del_ops.o)
                0x000030b8                operator delete(void*, unsigned int)
 .text._Znwj    0x000030c0       0x24 /usr/local/mcuxpressoide-25.6.136/ide/plugins/com.nxp.mcuxpresso.tools.linux_25.6.0.202501151204/tools/bin/../lib/gcc/arm-none-eabi/14.2.1/../../../../arm-none-eabi/lib/thumb/v6-m/nofp/libstdc++_nano.a(new_op.o)
                0x000030c0                operator new(unsigned int)
 .text._Znaj    0x000030e4        0x8 /usr/local/mcuxpressoide-25.6.136/ide/plugins/com.nxp.mcuxpresso.tools.linux_25.6.0.202501151204/tools/bin/../lib/gcc/arm-none-eabi/14.2.1/../../../../arm-none-eabi/lib/thumb/v6-m/nofp/libstdc++_nano.a(new_opv.o)
                0x000030e4                operator new[](unsigned int)
 .text._ZdlPv   0x000030ec        0x8 /usr/local/mcuxpressoide-25.6.136/ide/plugins/com.nxp.mcuxpresso.tools.linux_25.6.0.202501151204/tools/bin/../lib/gcc/arm-none-eabi/14.2.1/../../../../arm-none-eabi/lib/thumb/v6-m/nofp/libstdc++_nano.a(del_op.o)
                0x000030ec                operator delete(void*)
 .text._ZSt15get_new_handlerv
                0x000030f4        0xc /usr/local/mcuxpressoide-25.6.136/ide/plugins/com.nxp.mcuxpresso.tools.linux_25.6.0.202501151204/tools/bin/../lib/gcc/arm-none-eabi/14.2.1/../../../../arm-none-eabi/lib/thumb/v6-m/nofp/libstdc++_nano.a(new_handler.o)
                0x000030f4                std::get_new_handler()
 .text.abort    0x00003100        0x2 /usr/local/mcuxpressoide-25.6.136/ide/plugins/com.nxp.mcuxpresso.tools.linux_25.6.0.202501151204/tools/bin/../lib/gcc/arm-none-eabi/14.2.1/../../../../arm-none-eabi/lib/thumb/v6-m/nofp/libcr_newlib_nohost.a(cr_abort.o)
                0x00003100                abort
 *fill*         0x00003102        0x2 ff
 .text.register_tm_clones
                0x00003104       0x28 /usr/local/mcuxpressoide-25.6.136/ide/plugins/com.nxp.mcuxpresso.tools.linux_25.6.0.202501151204/tools/bin/../lib/gcc/arm-none-eabi/14.2.1/thumb/v6-m/nofp/crtbegin.o
 .text.frame_dummy
                0x0000312c       0x24 /usr/local/mcuxpressoide-25.6.136/ide/plugins/com.nxp.mcuxpresso.tools.linux_25.6.0.202501151204/tools/bin/../lib/gcc/arm-none-eabi/14.2.1/thumb/v6-m/nofp/crtbegin.o
 .text.malloc   0x00003150       0x14 /usr/local/mcuxpressoide-25.6.136/ide/plugins/com.nxp.mcuxpresso.tools.linux_25.6.0.202501151204/tools/bin/../lib/gcc/arm-none-eabi/14.2.1/../../../../arm-none-eabi/lib/thumb/v6-m/nofp/libc_nano.a(libc_a-malloc.o)
                0x00003150                malloc
 .text.free     0x00003164       0x14 /usr/local/mcuxpressoide-25.6.136/ide/plugins/com.nxp.mcuxpresso.tools.linux_25.6.0.202501151204/tools/bin/../lib/gcc/arm-none-eabi/14.2.1/../../../../arm-none-eabi/lib/thumb/v6-m/nofp/libc_nano.a(libc_a-malloc.o)
                0x00003164                free
 .text.sbrk_aligned
                0x00003178       0x44 /usr/local/mcuxpressoide-25.6.136/ide/plugins/com.nxp.mcuxpresso.tools.linux_25.6.0.202501151204/tools/bin/../lib/gcc/arm-none-eabi/14.2.1/../../../../arm-none-eabi/lib/thumb/v6-m/nofp/libc_nano.a(libc_a-mallocr.o)
 .text._malloc_r
                0x000031bc      0x100 /usr/local/mcuxpressoide-25.6.136/ide/plugins/com.nxp.mcuxpresso.tools.linux_25.6.0.202501151204/tools/bin/../lib/gcc/arm-none-eabi/14.2.1/../../../../arm-none-eabi/lib/thumb/v6-m/nofp/libc_nano.a(libc_a-mallocr.o)
                0x000031bc                _malloc_r
 .text.__malloc_lock
                0x000032bc       0x10 /usr/local/mcuxpressoide-25.6.136/ide/plugins/com.nxp.mcuxpresso.tools.linux_25.6.0.202501151204/tools/bin/../lib/gcc/arm-none-eabi/14.2.1/../../../../arm-none-eabi/lib/thumb/v6-m/nofp/libc_nano.a(libc_a-mlock.o)
                0x000032bc                __malloc_lock
 .text.__malloc_unlock
                0x000032cc       0x10 /usr/local/mcuxpressoide-25.6.136/ide/plugins/com.nxp.mcuxpresso.tools.linux_25.6.0.202501151204/tools/bin/../lib/gcc/arm-none-eabi/14.2.1/../../../../arm-none-eabi/lib/thumb/v6-m/nofp/libc_nano.a(libc_a-mlock.o)
                0x000032cc                __malloc_unlock
 .text._sbrk_r  0x000032dc       0x24 /usr/local/mcuxpressoide-25.6.136/ide/plugins/com.nxp.mcuxpresso.tools.linux_25.6.0.202501151204/tools/bin/../lib/gcc/arm-none-eabi/14.2.1/../../../../arm-none-eabi/lib/thumb/v6-m/nofp/libc_nano.a(libc_a-sbrkr.o)
                0x000032dc                _sbrk_r
 .text.__retarget_lock_acquire_recursive
                0x00003300        0x2 /usr/local/mcuxpressoide-25.6.136/ide/plugins/com.nxp.mcuxpresso.tools.linux_25.6.0.202501151204/tools/bin/../lib/gcc/arm-none-eabi/14.2.1/../../../../arm-none-eabi/lib/thumb/v6-m/nofp/libc_nano.a(libc_a-lock.o)
                0x00003300                __retarget_lock_acquire_recursive
 .text.__retarget_lock_release_recursive
                0x00003302        0x2 /usr/local/mcuxpressoide-25.6.136/ide/plugins/com.nxp.mcuxpresso.tools.linux_25.6.0.202501151204/tools/bin/../lib/gcc/arm-none-eabi/14.2.1/../../../../arm-none-eabi/lib/thumb/v6-m/nofp/libc_nano.a(libc_a-lock.o)
                0x00003302                __retarget_lock_release_recursive
 .text._free_r  0x00003304       0x94 /usr/local/mcuxpressoide-25.6.136/ide/plugins/com.nxp.mcuxpresso.tools.linux_25.6.0.202501151204/tools/bin/../lib/gcc/arm-none-eabi/14.2.1/../../../../arm-none-eabi/lib/thumb/v6-m/nofp/libc_nano.a(libc_a-freer.o)
                0x00003304                _free_r
 .text._sbrk    0x00003398       0x40 /usr/local/mcuxpressoide-25.6.136/ide/plugins/com.nxp.mcuxpresso.tools.linux_25.6.0.202501151204/tools/bin/../lib/gcc/arm-none-eabi/14.2.1/../../../../arm-none-eabi/lib/thumb/v6-m/nofp/libcr_newlib_nohost.a(_cr_sbrk.o)
                0x00003398                _sbrk
 .text.__check_heap_overflow
                0x000033d8       0x18 /usr/local/mcuxpressoide-25.6.136/ide/plugins/com.nxp.mcuxpresso.tools.linux_25.6.0.202501151204/tools/bin/../lib/gcc/arm-none-eabi/14.2.1/../../../../arm-none-eabi/lib/thumb/v6-m/nofp/libcr_newlib_nohost.a(_cr_check_heap.o)
                0x000033d8                __check_heap_overflow
 .text.__errno  0x000033f0        0xc /usr/local/mcuxpressoide-25.6.136/ide/plugins/com.nxp.mcuxpresso.tools.linux_25.6.0.202501151204/tools/bin/../lib/gcc/arm-none-eabi/14.2.1/../../../../arm-none-eabi/lib/thumb/v6-m/nofp/libc_nano.a(libc_a-errno.o)
                0x000033f0                __errno
 *(.rodata .rodata.* .constdata .constdata.*)
 .rodata.str1.1
                0x000033fc       0x2e /tmp/ccMoJGjt.ltrans0.ltrans.o
 *fill*         0x0000342a        0x2 ff
 .rodata        0x0000342c      0x308 /tmp/ccMoJGjt.ltrans0.ltrans.o
                0x0000342c                APP_VERSION_STRING
                0x00003734                        . = ALIGN (0x4)
                0x00003734                        . = ALIGN (0x4)
 *(.init)
 .init          0x00003734        0x4 /usr/local/mcuxpressoide-25.6.136/ide/plugins/com.nxp.mcuxpresso.tools.linux_25.6.0.202501151204/tools/bin/../lib/gcc/arm-none-eabi/14.2.1/thumb/v6-m/nofp/crti.o
                0x00003734                _init
 .init          0x00003738        0x8 /usr/local/mcuxpressoide-25.6.136/ide/plugins/com.nxp.mcuxpresso.tools.linux_25.6.0.202501151204/tools/bin/../lib/gcc/arm-none-eabi/14.2.1/thumb/v6-m/nofp/crtn.o
                0x00003740                        . = ALIGN (0x4)
                0x00003740                        __preinit_array_start = .
 *(.preinit_array)
                0x00003740                        __preinit_array_end = .
                0x00003740                        . = ALIGN (0x4)
                0x00003740                        __init_array_start = .
 *(SORT_BY_NAME(.init_array.*))
 *(.init_array)
 .init_array    0x00003740        0x4 /tmp/ccMoJGjt.ltrans0.ltrans.o
 .init_array    0x00003744        0x4 /usr/local/mcuxpressoide-25.6.136/ide/plugins/com.nxp.mcuxpresso.tools.linux_25.6.0.202501151204/tools/bin/../lib/gcc/arm-none-eabi/14.2.1/thumb/v6-m/nofp/crtbegin.o
                0x00003748                        __init_array_end = .
 *(.fini)
 .fini          0x00003748        0x4 /usr/local/mcuxpressoide-25.6.136/ide/plugins/com.nxp.mcuxpresso.tools.linux_25.6.0.202501151204/tools/bin/../lib/gcc/arm-none-eabi/14.2.1/thumb/v6-m/nofp/crti.o
                0x00003748                _fini
 .fini          0x0000374c        0x8 /usr/local/mcuxpressoide-25.6.136/ide/plugins/com.nxp.mcuxpresso.tools.linux_25.6.0.202501151204/tools/bin/../lib/gcc/arm-none-eabi/14.2.1/thumb/v6-m/nofp/crtn.o
                0x00003754                        . = ALIGN (0x4)
 *crtbegin.o(.ctors)
 *(EXCLUDE_FILE(*crtend.o) .ctors)
 *(SORT_BY_NAME(.ctors.*))
 *crtend.o(.ctors)
                0x00003754                        . = ALIGN (0x4)
 *crtbegin.o(.dtors)
 *(EXCLUDE_FILE(*crtend.o) .dtors)
 *(SORT_BY_NAME(.dtors.*))
 *crtend.o(.dtors)
                0x00003754                        . = ALIGN (0x4)

.glue_7         0x00003754        0x0
 .glue_7        0x00003754        0x0 linker stubs

.glue_7t        0x00003754        0x0
 .glue_7t       0x00003754        0x0 linker stubs

.vfp11_veneer   0x00003754        0x0
 .vfp11_veneer  0x00003754        0x0 linker stubs

.v4_bx          0x00003754        0x0
 .v4_bx         0x00003754        0x0 linker stubs

.iplt           0x00003754        0x0
 .iplt          0x00003754        0x0 /usr/local/mcuxpressoide-25.6.136/ide/plugins/com.nxp.mcuxpresso.tools.linux_25.6.0.202501151204/tools/bin/../lib/gcc/arm-none-eabi/14.2.1/thumb/v6-m/nofp/libgcc.a(_udivsi3.o)

.rel.dyn        0x00003754        0x0
 .rel.iplt      0x00003754        0x0 /usr/local/mcuxpressoide-25.6.136/ide/plugins/com.nxp.mcuxpresso.tools.linux_25.6.0.202501151204/tools/bin/../lib/gcc/arm-none-eabi/14.2.1/thumb/v6-m/nofp/libgcc.a(_udivsi3.o)

.eh_frame       0x00003754        0x0
 .eh_frame      0x00003754        0x0 /usr/local/mcuxpressoide-25.6.136/ide/plugins/com.nxp.mcuxpresso.tools.linux_25.6.0.202501151204/tools/bin/../lib/gcc/arm-none-eabi/14.2.1/thumb/v6-m/nofp/crtbegin.o

.ARM.extab
 *(.ARM.extab* .gnu.linkonce.armextab.*)

.ARM.exidx      0x00003754        0x0
                0x00003754                        __exidx_start = .
 *(.ARM.exidx* .gnu.linkonce.armexidx.*)
                0x00003754                        __exidx_end = .
                0x00003754                        _etext = .

.uninit_RESERVED
                0x10000000        0x0
                0x10000000                        _start_uninit_RESERVED = .
 *(.bss.$RESERVED*)
                0x10000000                        . = ALIGN (0x4)
                0x10000000                        _end_uninit_RESERVED = .

.data           0x10000000       0x60 load address 0x00003754
 FILL mask 0xff
                0x10000000                        _data = .
                [!provide]                        PROVIDE (__start_data_RAM = .)
                [!provide]                        PROVIDE (__start_data_RamLoc8 = .)
 *(vtable)
 *(.ramfunc*)
 *(CodeQuickAccess)
 *(DataQuickAccess)
 *(RamFunction)
 *(.data*)
 .data          0x10000000        0x8 /tmp/ccMoJGjt.ltrans0.ltrans.o
 .data.SystemCoreClock
                0x10000008        0x4 /home/mirko/Workspaces/MCUXpresso_25.6.136/CMSIS_CORE_LPC11xx/Release/libCMSIS_CORE_LPC11xx.a(system_LPC11xx.o)
                0x10000008                SystemCoreClock
 .data.__dso_handle
                0x1000000c        0x4 /usr/local/mcuxpressoide-25.6.136/ide/plugins/com.nxp.mcuxpresso.tools.linux_25.6.0.202501151204/tools/bin/../lib/gcc/arm-none-eabi/14.2.1/thumb/v6-m/nofp/crtbegin.o
                0x1000000c                __dso_handle
 .data._impure_ptr
                0x10000010        0x4 /usr/local/mcuxpressoide-25.6.136/ide/plugins/com.nxp.mcuxpresso.tools.linux_25.6.0.202501151204/tools/bin/../lib/gcc/arm-none-eabi/14.2.1/../../../../arm-none-eabi/lib/thumb/v6-m/nofp/libc_nano.a(libc_a-impure.o)
                0x10000010                _impure_ptr
 .data._impure_data
                0x10000014       0x4c /usr/local/mcuxpressoide-25.6.136/ide/plugins/com.nxp.mcuxpresso.tools.linux_25.6.0.202501151204/tools/bin/../lib/gcc/arm-none-eabi/14.2.1/../../../../arm-none-eabi/lib/thumb/v6-m/nofp/libc_nano.a(libc_a-impure.o)
                0x10000014                _impure_data
                0x10000060                        . = ALIGN (0x4)
                0x10000060                        _edata = .
                [!provide]                        PROVIDE (__end_data_RAM = .)
                [!provide]                        PROVIDE (__end_data_RamLoc8 = .)

.igot.plt       0x10000060        0x0 load address 0x000037b4
 .igot.plt      0x10000060        0x0 /usr/local/mcuxpressoide-25.6.136/ide/plugins/com.nxp.mcuxpresso.tools.linux_25.6.0.202501151204/tools/bin/../lib/gcc/arm-none-eabi/14.2.1/thumb/v6-m/nofp/libgcc.a(_udivsi3.o)

.tm_clone_table
                0x10000060        0x0 load address 0x000037b4
 .tm_clone_table
                0x10000060        0x0 /usr/local/mcuxpressoide-25.6.136/ide/plugins/com.nxp.mcuxpresso.tools.linux_25.6.0.202501151204/tools/bin/../lib/gcc/arm-none-eabi/14.2.1/thumb/v6-m/nofp/crtbegin.o
 .tm_clone_table
                0x10000060        0x0 /usr/local/mcuxpressoide-25.6.136/ide/plugins/com.nxp.mcuxpresso.tools.linux_25.6.0.202501151204/tools/bin/../lib/gcc/arm-none-eabi/14.2.1/thumb/v6-m/nofp/crtend.o

.bss            0x10000060      0x200
                0x10000060                        _bss = .
                [!provide]                        PROVIDE (__start_bss_RAM = .)
                [!provide]                        PROVIDE (__start_bss_RamLoc8 = .)
 *(.bss*)
 .bss           0x10000060      0x1d0 /tmp/ccMoJGjt.ltrans0.ltrans.o
 .bss._ZN12_GLOBAL__N_113__new_handlerE
                0x10000230        0x4 /usr/local/mcuxpressoide-25.6.136/ide/plugins/com.nxp.mcuxpresso.tools.linux_25.6.0.202501151204/tools/bin/../lib/gcc/arm-none-eabi/14.2.1/../../../../arm-none-eabi/lib/thumb/v6-m/nofp/libstdc++_nano.a(new_handler.o)
 .bss.object.0  0x10000234       0x18 /usr/local/mcuxpressoide-25.6.136/ide/plugins/com.nxp.mcuxpresso.tools.linux_25.6.0.202501151204/tools/bin/../lib/gcc/arm-none-eabi/14.2.1/thumb/v6-m/nofp/crtbegin.o
 .bss.__malloc_sbrk_start
                0x1000024c        0x4 /usr/local/mcuxpressoide-25.6.136/ide/plugins/com.nxp.mcuxpresso.tools.linux_25.6.0.202501151204/tools/bin/../lib/gcc/arm-none-eabi/14.2.1/../../../../arm-none-eabi/lib/thumb/v6-m/nofp/libc_nano.a(libc_a-mallocr.o)
                0x1000024c                __malloc_sbrk_start
 .bss.__malloc_free_list
                0x10000250        0x4 /usr/local/mcuxpressoide-25.6.136/ide/plugins/com.nxp.mcuxpresso.tools.linux_25.6.0.202501151204/tools/bin/../lib/gcc/arm-none-eabi/14.2.1/../../../../arm-none-eabi/lib/thumb/v6-m/nofp/libc_nano.a(libc_a-mallocr.o)
                0x10000250                __malloc_free_list
 .bss.__lock___malloc_recursive_mutex
                0x10000254        0x1 /usr/local/mcuxpressoide-25.6.136/ide/plugins/com.nxp.mcuxpresso.tools.linux_25.6.0.202501151204/tools/bin/../lib/gcc/arm-none-eabi/14.2.1/../../../../arm-none-eabi/lib/thumb/v6-m/nofp/libc_nano.a(libc_a-lock.o)
                0x10000254                __lock___malloc_recursive_mutex
 *fill*         0x10000255        0x3 
 .bss.errno     0x10000258        0x4 /usr/local/mcuxpressoide-25.6.136/ide/plugins/com.nxp.mcuxpresso.tools.linux_25.6.0.202501151204/tools/bin/../lib/gcc/arm-none-eabi/14.2.1/../../../../arm-none-eabi/lib/thumb/v6-m/nofp/libc_nano.a(libc_a-reent.o)
                0x10000258                errno
 .bss.__end_of_heap
                0x1000025c        0x4 /usr/local/mcuxpressoide-25.6.136/ide/plugins/com.nxp.mcuxpresso.tools.linux_25.6.0.202501151204/tools/bin/../lib/gcc/arm-none-eabi/14.2.1/../../../../arm-none-eabi/lib/thumb/v6-m/nofp/libcr_newlib_nohost.a(_cr_sbrk.o)
                0x1000025c                __end_of_heap
 *(COMMON)
                0x10000260                        . = ALIGN (0x4)
                0x10000260                        _ebss = .
                [!provide]                        PROVIDE (__end_bss_RAM = .)
                [!provide]                        PROVIDE (__end_bss_RamLoc8 = .)
                [!provide]                        PROVIDE (end = .)

.noinit         0x10000260        0x0
                0x10000260                        _noinit = .
                [!provide]                        PROVIDE (__start_noinit_RAM = .)
                [!provide]                        PROVIDE (__start_noinit_RamLoc8 = .)
 *(.noinit*)
                0x10000260                        . = ALIGN (0x4)
                0x10000260                        _end_noinit = .
                [!provide]                        PROVIDE (__end_noinit_RAM = .)
                [!provide]                        PROVIDE (__end_noinit_RamLoc8 = .)
                0x10000260                        PROVIDE (_pvHeapStart = DEFINED (__user_heap_base)?__user_heap_base:.)
                0x10002000                        PROVIDE (_vStackTop = DEFINED (__user_stack_top)?__user_stack_top:(__top_RamLoc8 - 0x0))
                0xefffdf21                        PROVIDE (__valid_user_code_checksum = (0x0 - (((_vStackTop + (ResetISR + 0x1)) + (DEFINED (NMI_Handler)?NMI_Handler:M0_NMI_Handler + 0x1)) + (DEFINED (HardFault_Handler)?HardFault_Handler:M0_HardFault_Handler + 0x1))))
                0x00000000                        _image_start = LOADADDR (.text)
                0x000037b4                        _image_end = (LOADADDR (.data) + SIZEOF (.data))
                0x000037b4                        _image_size = (_image_end - _image_start)
OUTPUT(Download-Test.axf elf32-littlearm)
LOAD linker stubs

.debug_info     0x00000000    0x1ecf5
 .debug_info    0x00000000     0x7092 /tmp/ccMoJGjt.ltrans0.ltrans.o
 .debug_info    0x00007092     0x16d3 /tmp/cc8vdzSv.debug.temp.o
                0x00007092                app_main.cpp.cad9bead
 .debug_info    0x00008765      0x1ce /tmp/ccxwcYhC.debug.temp.o
                0x00008765                cr_startup_lpc11xx.cpp.c78a9560
 .debug_info    0x00008933      0xa46 /tmp/ccqIJ62s.debug.temp.o
                0x00008933                digital_pin.cpp.a80253af
 .debug_info    0x00009379      0x81e /tmp/ccGeV7WH.debug.temp.o
                0x00009379                platform.cpp.4675240f
 .debug_info    0x00009b97     0x1e17 /tmp/cc85TVeS.debug.temp.o
                0x00009b97                bcu1.cpp.36c6caf4
 .debug_info    0x0000b9ae     0x2192 /tmp/ccHDCNr4.debug.temp.o
                0x0000b9ae                bcu_base.cpp.64f94d73
 .debug_info    0x0000db40     0x1fef /tmp/ccschsgd.debug.temp.o
                0x0000db40                bcu_default.cpp.1f9aaed7
 .debug_info    0x0000fb2f     0x19e5 /tmp/ccKfcfVS.debug.temp.o
                0x0000fb2f                bus.cpp.9d3b271d
 .debug_info    0x00011514     0x10b1 /tmp/ccLQz01I.debug.temp.o
                0x00011514                com_objects.cpp.bd1f2e58
 .debug_info    0x000125c5     0x14dc /tmp/ccof4xYS.debug.temp.o
                0x000125c5                com_objectsBCU1.cpp.e47f4d41
 .debug_info    0x00013aa1     0x17f2 /tmp/cc2x47fT.debug.temp.o
                0x00013aa1                knx_tlayer4.cpp.b3cecb1b
 .debug_info    0x00015293      0x41c /tmp/ccG3FrFb.debug.temp.o
                0x00015293                memory.cpp.1fa5528c
 .debug_info    0x000156af     0x100f /tmp/ccWRCrlh.debug.temp.o
                0x000156af                userEeprom.cpp.e97bd010
 .debug_info    0x000166be      0xa90 /tmp/ccPGflkX.debug.temp.o
                0x000166be                userRam.cpp.9c34be16
 .debug_info    0x0001714e      0x1e4 /tmp/cc3xWMns.debug.temp.o
                0x0001714e                debounce.cpp.9f0a419b
 .debug_info    0x00017332      0x64b /tmp/ccwiR1jt.debug.temp.o
                0x00017332                iap.cpp.1d6c975a
 .debug_info    0x0001797d      0x1b1 /tmp/ccj6SHVK.debug.temp.o
                0x0001797d                ioports.cpp.c67d90d3
 .debug_info    0x00017b2e      0x4d2 /tmp/cchhX2Ia.debug.temp.o
                0x00017b2e                main.cpp.67bb37ab
 .debug_info    0x00018000      0xd61 /tmp/cc0vRMGh.debug.temp.o
                0x00018000                mem_mapper.cpp.8f5f3b51
 .debug_info    0x00018d61      0x937 /tmp/cc86FSAX.debug.temp.o
                0x00018d61                print.cpp.29761ba1
 .debug_info    0x00019698     0x156b /tmp/cc0mpTCY.debug.temp.o
                0x00019698                serial.cpp.bc6ecafa
 .debug_info    0x0001ac03      0x67f /tmp/ccCs4eDO.debug.temp.o
                0x0001ac03                serial0.cpp.914d9931
 .debug_info    0x0001b282     0x121e /tmp/cc8aypHE.debug.temp.o
                0x0001b282                timer.cpp.f3758ff6
 .debug_info    0x0001c4a0      0xacc /tmp/ccCMbd9B.debug.temp.o
                0x0001c4a0                utils.cpp.9648e4b1
 .debug_info    0x0001cf6c       0x77 /tmp/ccjBffap.debug.temp.o
                0x0001cf6c                version.cpp.7a9241ce
 .debug_info    0x0001cfe3      0x940 /tmp/ccnjgjGn.debug.temp.o
                0x0001cfe3                addr_tablesBCU1.cpp.7f264d89
 .debug_info    0x0001d923      0x411 /tmp/ccDMBrIU.debug.temp.o
                0x0001d923                apci.cpp.0bd989e1
 .debug_info    0x0001dd34      0x6e0 /tmp/cc3VGp6o.debug.temp.o
                0x0001dd34                buffered_stream.cpp.03ee2351
 .debug_info    0x0001e414      0x23f /tmp/ccdcuhW4.debug.temp.o
                0x0001e414                addr_tables.cpp.0889b465
 .debug_info    0x0001e653      0x4bb /home/mirko/Workspaces/MCUXpresso_25.6.136/CMSIS_CORE_LPC11xx/Release/libCMSIS_CORE_LPC11xx.a(system_LPC11xx.o)
 .debug_info    0x0001eb0e       0x38 /usr/local/mcuxpressoide-25.6.136/ide/plugins/com.nxp.mcuxpresso.tools.linux_25.6.0.202501151204/tools/bin/../lib/gcc/arm-none-eabi/14.2.1/../../../../arm-none-eabi/lib/thumb/v6-m/nofp/libcr_newlib_nohost.a(cr_abort.o)
 .debug_info    0x0001eb46      0x13e /usr/local/mcuxpressoide-25.6.136/ide/plugins/com.nxp.mcuxpresso.tools.linux_25.6.0.202501151204/tools/bin/../lib/gcc/arm-none-eabi/14.2.1/../../../../arm-none-eabi/lib/thumb/v6-m/nofp/libcr_newlib_nohost.a(_cr_sbrk.o)
 .debug_info    0x0001ec84       0x71 /usr/local/mcuxpressoide-25.6.136/ide/plugins/com.nxp.mcuxpresso.tools.linux_25.6.0.202501151204/tools/bin/../lib/gcc/arm-none-eabi/14.2.1/../../../../arm-none-eabi/lib/thumb/v6-m/nofp/libcr_newlib_nohost.a(_cr_check_heap.o)

.debug_abbrev   0x00000000     0x59fd
 .debug_abbrev  0x00000000      0x2de /tmp/ccMoJGjt.ltrans0.ltrans.o
 .debug_abbrev  0x000002de      0x581 /tmp/cc8vdzSv.debug.temp.o
 .debug_abbrev  0x0000085f      0x107 /tmp/ccxwcYhC.debug.temp.o
 .debug_abbrev  0x00000966      0x291 /tmp/ccqIJ62s.debug.temp.o
 .debug_abbrev  0x00000bf7      0x266 /tmp/ccGeV7WH.debug.temp.o
 .debug_abbrev  0x00000e5d      0x3c8 /tmp/cc85TVeS.debug.temp.o
 .debug_abbrev  0x00001225      0x645 /tmp/ccHDCNr4.debug.temp.o
 .debug_abbrev  0x0000186a      0x5bc /tmp/ccschsgd.debug.temp.o
 .debug_abbrev  0x00001e26      0x535 /tmp/ccKfcfVS.debug.temp.o
 .debug_abbrev  0x0000235b      0x389 /tmp/ccLQz01I.debug.temp.o
 .debug_abbrev  0x000026e4      0x38a /tmp/ccof4xYS.debug.temp.o
 .debug_abbrev  0x00002a6e      0x462 /tmp/cc2x47fT.debug.temp.o
 .debug_abbrev  0x00002ed0      0x1ac /tmp/ccG3FrFb.debug.temp.o
 .debug_abbrev  0x0000307c      0x379 /tmp/ccWRCrlh.debug.temp.o
 .debug_abbrev  0x000033f5      0x263 /tmp/ccPGflkX.debug.temp.o
 .debug_abbrev  0x00003658      0x110 /tmp/cc3xWMns.debug.temp.o
 .debug_abbrev  0x00003768      0x254 /tmp/ccwiR1jt.debug.temp.o
 .debug_abbrev  0x000039bc       0xe0 /tmp/ccj6SHVK.debug.temp.o
 .debug_abbrev  0x00003a9c      0x217 /tmp/cchhX2Ia.debug.temp.o
 .debug_abbrev  0x00003cb3      0x374 /tmp/cc0vRMGh.debug.temp.o
 .debug_abbrev  0x00004027      0x1d8 /tmp/cc86FSAX.debug.temp.o
 .debug_abbrev  0x000041ff      0x4a0 /tmp/cc0mpTCY.debug.temp.o
 .debug_abbrev  0x0000469f      0x223 /tmp/ccCs4eDO.debug.temp.o
 .debug_abbrev  0x000048c2      0x3d9 /tmp/cc8aypHE.debug.temp.o
 .debug_abbrev  0x00004c9b      0x326 /tmp/ccCMbd9B.debug.temp.o
 .debug_abbrev  0x00004fc1       0x6c /tmp/ccjBffap.debug.temp.o
 .debug_abbrev  0x0000502d      0x231 /tmp/ccnjgjGn.debug.temp.o
 .debug_abbrev  0x0000525e      0x12d /tmp/ccDMBrIU.debug.temp.o
 .debug_abbrev  0x0000538b      0x229 /tmp/cc3VGp6o.debug.temp.o
 .debug_abbrev  0x000055b4      0x177 /tmp/ccdcuhW4.debug.temp.o
 .debug_abbrev  0x0000572b      0x12f /home/mirko/Workspaces/MCUXpresso_25.6.136/CMSIS_CORE_LPC11xx/Release/libCMSIS_CORE_LPC11xx.a(system_LPC11xx.o)
 .debug_abbrev  0x0000585a       0x2e /usr/local/mcuxpressoide-25.6.136/ide/plugins/com.nxp.mcuxpresso.tools.linux_25.6.0.202501151204/tools/bin/../lib/gcc/arm-none-eabi/14.2.1/../../../../arm-none-eabi/lib/thumb/v6-m/nofp/libcr_newlib_nohost.a(cr_abort.o)
 .debug_abbrev  0x00005888      0x10a /usr/local/mcuxpressoide-25.6.136/ide/plugins/com.nxp.mcuxpresso.tools.linux_25.6.0.202501151204/tools/bin/../lib/gcc/arm-none-eabi/14.2.1/../../../../arm-none-eabi/lib/thumb/v6-m/nofp/libcr_newlib_nohost.a(_cr_sbrk.o)
 .debug_abbrev  0x00005992       0x6b /usr/local/mcuxpressoide-25.6.136/ide/plugins/com.nxp.mcuxpresso.tools.linux_25.6.0.202501151204/tools/bin/../lib/gcc/arm-none-eabi/14.2.1/../../../../arm-none-eabi/lib/thumb/v6-m/nofp/libcr_newlib_nohost.a(_cr_check_heap.o)

.debug_loclists
                0x00000000     0x57ba
 .debug_loclists
                0x00000000     0x57ba /tmp/ccMoJGjt.ltrans0.ltrans.o

.debug_aranges  0x00000000       0xd0
 .debug_aranges
                0x00000000       0x48 /tmp/ccMoJGjt.ltrans0.ltrans.o
 .debug_aranges
                0x00000048       0x28 /home/mirko/Workspaces/MCUXpresso_25.6.136/CMSIS_CORE_LPC11xx/Release/libCMSIS_CORE_LPC11xx.a(system_LPC11xx.o)
 .debug_aranges
                0x00000070       0x20 /usr/local/mcuxpressoide-25.6.136/ide/plugins/com.nxp.mcuxpresso.tools.linux_25.6.0.202501151204/tools/bin/../lib/gcc/arm-none-eabi/14.2.1/../../../../arm-none-eabi/lib/thumb/v6-m/nofp/libcr_newlib_nohost.a(cr_abort.o)
 .debug_aranges
                0x00000090       0x20 /usr/local/mcuxpressoide-25.6.136/ide/plugins/com.nxp.mcuxpresso.tools.linux_25.6.0.202501151204/tools/bin/../lib/gcc/arm-none-eabi/14.2.1/../../../../arm-none-eabi/lib/thumb/v6-m/nofp/libcr_newlib_nohost.a(_cr_sbrk.o)
 .debug_aranges
                0x000000b0       0x20 /usr/local/mcuxpressoide-25.6.136/ide/plugins/com.nxp.mcuxpresso.tools.linux_25.6.0.202501151204/tools/bin/../lib/gcc/arm-none-eabi/14.2.1/../../../../arm-none-eabi/lib/thumb/v6-m/nofp/libcr_newlib_nohost.a(_cr_check_heap.o)

.debug_rnglists
                0x00000000      0xb5a
 .debug_rnglists
                0x00000000      0xb5a /tmp/ccMoJGjt.ltrans0.ltrans.o

.debug_line     0x00000000     0xd2a9
 .debug_line    0x00000000     0x60bb /tmp/ccMoJGjt.ltrans0.ltrans.o
 .debug_line    0x000060bb      0x522 /tmp/cc8vdzSv.debug.temp.o
 .debug_line    0x000065dd       0x3f /tmp/ccxwcYhC.debug.temp.o
 .debug_line    0x0000661c      0x422 /tmp/ccqIJ62s.debug.temp.o
 .debug_line    0x00006a3e      0x487 /tmp/ccGeV7WH.debug.temp.o
 .debug_line    0x00006ec5      0x4d9 /tmp/cc85TVeS.debug.temp.o
 .debug_line    0x0000739e      0x53b /tmp/ccHDCNr4.debug.temp.o
 .debug_line    0x000078d9      0x583 /tmp/ccschsgd.debug.temp.o
 .debug_line    0x00007e5c      0x50b /tmp/ccKfcfVS.debug.temp.o
 .debug_line    0x00008367      0x447 /tmp/ccLQz01I.debug.temp.o
 .debug_line    0x000087ae      0x476 /tmp/ccof4xYS.debug.temp.o
 .debug_line    0x00008c24      0x4d7 /tmp/cc2x47fT.debug.temp.o
 .debug_line    0x000090fb      0x219 /tmp/ccG3FrFb.debug.temp.o
 .debug_line    0x00009314      0x59c /tmp/ccWRCrlh.debug.temp.o
 .debug_line    0x000098b0      0x49f /tmp/ccPGflkX.debug.temp.o
 .debug_line    0x00009d4f       0x9e /tmp/cc3xWMns.debug.temp.o
 .debug_line    0x00009ded      0x50a /tmp/ccwiR1jt.debug.temp.o
 .debug_line    0x0000a2f7       0x91 /tmp/ccj6SHVK.debug.temp.o
 .debug_line    0x0000a388      0x408 /tmp/cchhX2Ia.debug.temp.o
 .debug_line    0x0000a790      0x4a4 /tmp/cc0vRMGh.debug.temp.o
 .debug_line    0x0000ac34      0x2e0 /tmp/cc86FSAX.debug.temp.o
 .debug_line    0x0000af14      0x475 /tmp/cc0mpTCY.debug.temp.o
 .debug_line    0x0000b389      0x331 /tmp/ccCs4eDO.debug.temp.o
 .debug_line    0x0000b6ba      0x441 /tmp/cc8aypHE.debug.temp.o
 .debug_line    0x0000bafb      0x4ab /tmp/ccCMbd9B.debug.temp.o
 .debug_line    0x0000bfa6       0x34 /tmp/ccjBffap.debug.temp.o
 .debug_line    0x0000bfda      0x435 /tmp/ccnjgjGn.debug.temp.o
 .debug_line    0x0000c40f      0x3fa /tmp/ccDMBrIU.debug.temp.o
 .debug_line    0x0000c809       0xc3 /tmp/cc3VGp6o.debug.temp.o
 .debug_line    0x0000c8cc      0x408 /tmp/ccdcuhW4.debug.temp.o
 .debug_line    0x0000ccd4      0x34e /home/mirko/Workspaces/MCUXpresso_25.6.136/CMSIS_CORE_LPC11xx/Release/libCMSIS_CORE_LPC11xx.a(system_LPC11xx.o)
 .debug_line    0x0000d022       0x49 /usr/local/mcuxpressoide-25.6.136/ide/plugins/com.nxp.mcuxpresso.tools.linux_25.6.0.202501151204/tools/bin/../lib/gcc/arm-none-eabi/14.2.1/../../../../arm-none-eabi/lib/thumb/v6-m/nofp/libcr_newlib_nohost.a(cr_abort.o)
 .debug_line    0x0000d06b      0x1dd /usr/local/mcuxpressoide-25.6.136/ide/plugins/com.nxp.mcuxpresso.tools.linux_25.6.0.202501151204/tools/bin/../lib/gcc/arm-none-eabi/14.2.1/../../../../arm-none-eabi/lib/thumb/v6-m/nofp/libcr_newlib_nohost.a(_cr_sbrk.o)
 .debug_line    0x0000d248       0x61 /usr/local/mcuxpressoide-25.6.136/ide/plugins/com.nxp.mcuxpresso.tools.linux_25.6.0.202501151204/tools/bin/../lib/gcc/arm-none-eabi/14.2.1/../../../../arm-none-eabi/lib/thumb/v6-m/nofp/libcr_newlib_nohost.a(_cr_check_heap.o)

.debug_str      0x00000000     0x8437
 .debug_str     0x00000000      0x1c0 /tmp/ccMoJGjt.ltrans0.ltrans.o
 .debug_str     0x00000000     0x180a /tmp/cc8vdzSv.debug.temp.o
 .debug_str     0x00000000      0x2ef /tmp/ccxwcYhC.debug.temp.o
 .debug_str     0x00000000      0x808 /tmp/ccqIJ62s.debug.temp.o
 .debug_str     0x00000000      0x850 /tmp/ccGeV7WH.debug.temp.o
 .debug_str     0x00000000     0x1e3a /tmp/cc85TVeS.debug.temp.o
 .debug_str     0x00000000     0x2405 /tmp/ccHDCNr4.debug.temp.o
 .debug_str     0x00000000     0x2491 /tmp/ccschsgd.debug.temp.o
 .debug_str     0x00000000     0x16ba /tmp/ccKfcfVS.debug.temp.o
 .debug_str     0x00000000     0x159f /tmp/ccLQz01I.debug.temp.o
 .debug_str     0x00000000     0x1be5 /tmp/ccof4xYS.debug.temp.o
 .debug_str     0x00000000     0x1a94 /tmp/cc2x47fT.debug.temp.o
 .debug_str     0x00000000      0x3e0 /tmp/ccG3FrFb.debug.temp.o
 .debug_str     0x00000000      0xd3f /tmp/ccWRCrlh.debug.temp.o
 .debug_str     0x00000000      0x65e /tmp/ccPGflkX.debug.temp.o
 .debug_str     0x00000000      0x2c3 /tmp/cc3xWMns.debug.temp.o
 .debug_str     0x00000000      0x787 /tmp/ccwiR1jt.debug.temp.o
 .debug_str     0x00000000      0x330 /tmp/ccj6SHVK.debug.temp.o
 .debug_str     0x00000000      0x582 /tmp/cchhX2Ia.debug.temp.o
 .debug_str     0x00000000      0x936 /tmp/cc0vRMGh.debug.temp.o
 .debug_str     0x00000000      0x4d2 /tmp/cc86FSAX.debug.temp.o
 .debug_str     0x00000000     0x1018 /tmp/cc0mpTCY.debug.temp.o
 .debug_str     0x00000000      0x829 /tmp/ccCs4eDO.debug.temp.o
 .debug_str     0x00000000      0xe7f /tmp/cc8aypHE.debug.temp.o
 .debug_str     0x00000000      0xa4d /tmp/ccCMbd9B.debug.temp.o
 .debug_str     0x00000000      0x18f /tmp/ccjBffap.debug.temp.o
 .debug_str     0x00000000      0xa66 /tmp/ccnjgjGn.debug.temp.o
 .debug_str     0x00000000      0xad4 /tmp/ccDMBrIU.debug.temp.o
 .debug_str     0x00000000      0x671 /tmp/cc3VGp6o.debug.temp.o
 .debug_str     0x00000000      0x346 /tmp/ccdcuhW4.debug.temp.o
 .debug_str     0x00000000     0x8437 /home/mirko/Workspaces/MCUXpresso_25.6.136/CMSIS_CORE_LPC11xx/Release/libCMSIS_CORE_LPC11xx.a(system_LPC11xx.o)
                                0x438 (size before relaxing)
 .debug_str     0x00008437      0x12b /usr/local/mcuxpressoide-25.6.136/ide/plugins/com.nxp.mcuxpresso.tools.linux_25.6.0.202501151204/tools/bin/../lib/gcc/arm-none-eabi/14.2.1/../../../../arm-none-eabi/lib/thumb/v6-m/nofp/libcr_newlib_nohost.a(cr_abort.o)
 .debug_str     0x00008437      0x225 /usr/local/mcuxpressoide-25.6.136/ide/plugins/com.nxp.mcuxpresso.tools.linux_25.6.0.202501151204/tools/bin/../lib/gcc/arm-none-eabi/14.2.1/../../../../arm-none-eabi/lib/thumb/v6-m/nofp/libcr_newlib_nohost.a(_cr_sbrk.o)
 .debug_str     0x00008437      0x170 /usr/local/mcuxpressoide-25.6.136/ide/plugins/com.nxp.mcuxpresso.tools.linux_25.6.0.202501151204/tools/bin/../lib/gcc/arm-none-eabi/14.2.1/../../../../arm-none-eabi/lib/thumb/v6-m/nofp/libcr_newlib_nohost.a(_cr_check_heap.o)

.comment        0x00000000       0x45
 .comment       0x00000000       0x46 /tmp/ccMoJGjt.ltrans0.ltrans.o
 .comment       0x00000000       0x45 /home/mirko/Workspaces/MCUXpresso_25.6.136/CMSIS_CORE_LPC11xx/Release/libCMSIS_CORE_LPC11xx.a(system_LPC11xx.o)
                                 0x46 (size before relaxing)
 .comment       0x00000045       0x46 /usr/local/mcuxpressoide-25.6.136/ide/plugins/com.nxp.mcuxpresso.tools.linux_25.6.0.202501151204/tools/bin/../lib/gcc/arm-none-eabi/14.2.1/../../../../arm-none-eabi/lib/thumb/v6-m/nofp/libcr_newlib_nohost.a(cr_abort.o)
 .comment       0x00000045       0x46 /usr/local/mcuxpressoide-25.6.136/ide/plugins/com.nxp.mcuxpresso.tools.linux_25.6.0.202501151204/tools/bin/../lib/gcc/arm-none-eabi/14.2.1/../../../../arm-none-eabi/lib/thumb/v6-m/nofp/libcr_newlib_nohost.a(_cr_sbrk.o)
 .comment       0x00000045       0x46 /usr/local/mcuxpressoide-25.6.136/ide/plugins/com.nxp.mcuxpresso.tools.linux_25.6.0.202501151204/tools/bin/../lib/gcc/arm-none-eabi/14.2.1/../../../../arm-none-eabi/lib/thumb/v6-m/nofp/libcr_newlib_nohost.a(_cr_check_heap.o)

.ARM.attributes
                0x00000000       0x2a
 .ARM.attributes
                0x00000000       0x2a /tmp/ccMoJGjt.ltrans0.ltrans.o
 .ARM.attributes
                0x0000002a       0x2c /home/mirko/Workspaces/MCUXpresso_25.6.136/CMSIS_CORE_LPC11xx/Release/libCMSIS_CORE_LPC11xx.a(system_LPC11xx.o)
 .ARM.attributes
                0x00000056       0x1e /usr/local/mcuxpressoide-25.6.136/ide/plugins/com.nxp.mcuxpresso.tools.linux_25.6.0.202501151204/tools/bin/../lib/gcc/arm-none-eabi/14.2.1/thumb/v6-m/nofp/libgcc.a(_udivsi3.o)
 .ARM.attributes
                0x00000074       0x1e /usr/local/mcuxpressoide-25.6.136/ide/plugins/com.nxp.mcuxpresso.tools.linux_25.6.0.202501151204/tools/bin/../lib/gcc/arm-none-eabi/14.2.1/thumb/v6-m/nofp/libgcc.a(_dvmd_tls.o)
 .ARM.attributes
                0x00000092       0x1e /usr/local/mcuxpressoide-25.6.136/ide/plugins/com.nxp.mcuxpresso.tools.linux_25.6.0.202501151204/tools/bin/../lib/gcc/arm-none-eabi/14.2.1/thumb/v6-m/nofp/libgcc.a(_thumb1_case_uhi.o)
 .ARM.attributes
                0x000000b0       0x1e /usr/local/mcuxpressoide-25.6.136/ide/plugins/com.nxp.mcuxpresso.tools.linux_25.6.0.202501151204/tools/bin/../lib/gcc/arm-none-eabi/14.2.1/thumb/v6-m/nofp/libgcc.a(_divsi3.o)
 .ARM.attributes
                0x000000ce       0x2c /usr/local/mcuxpressoide-25.6.136/ide/plugins/com.nxp.mcuxpresso.tools.linux_25.6.0.202501151204/tools/bin/../lib/gcc/arm-none-eabi/14.2.1/../../../../arm-none-eabi/lib/thumb/v6-m/nofp/libc_nano.a(libc_a-memset.o)
 .ARM.attributes
                0x000000fa       0x2c /usr/local/mcuxpressoide-25.6.136/ide/plugins/com.nxp.mcuxpresso.tools.linux_25.6.0.202501151204/tools/bin/../lib/gcc/arm-none-eabi/14.2.1/../../../../arm-none-eabi/lib/thumb/v6-m/nofp/libc_nano.a(libc_a-init.o)
 .ARM.attributes
                0x00000126       0x2c /usr/local/mcuxpressoide-25.6.136/ide/plugins/com.nxp.mcuxpresso.tools.linux_25.6.0.202501151204/tools/bin/../lib/gcc/arm-none-eabi/14.2.1/../../../../arm-none-eabi/lib/thumb/v6-m/nofp/libc_nano.a(libc_a-aeabi_atexit.o)
 .ARM.attributes
                0x00000152       0x2c /usr/local/mcuxpressoide-25.6.136/ide/plugins/com.nxp.mcuxpresso.tools.linux_25.6.0.202501151204/tools/bin/../lib/gcc/arm-none-eabi/14.2.1/../../../../arm-none-eabi/lib/thumb/v6-m/nofp/libc_nano.a(libc_a-memcpy-stub.o)
 .ARM.attributes
                0x0000017e       0x1c /usr/local/mcuxpressoide-25.6.136/ide/plugins/com.nxp.mcuxpresso.tools.linux_25.6.0.202501151204/tools/bin/../lib/gcc/arm-none-eabi/14.2.1/../../../../arm-none-eabi/lib/thumb/v6-m/nofp/libc_nano.a(libc_a-strlen.o)
 .ARM.attributes
                0x0000019a       0x2c /usr/local/mcuxpressoide-25.6.136/ide/plugins/com.nxp.mcuxpresso.tools.linux_25.6.0.202501151204/tools/bin/../lib/gcc/arm-none-eabi/14.2.1/../../../../arm-none-eabi/lib/thumb/v6-m/nofp/libc_nano.a(libc_a-cxa_atexit.o)
 .ARM.attributes
                0x000001c6       0x2c /usr/local/mcuxpressoide-25.6.136/ide/plugins/com.nxp.mcuxpresso.tools.linux_25.6.0.202501151204/tools/bin/../lib/gcc/arm-none-eabi/14.2.1/../../../../arm-none-eabi/lib/thumb/v6-m/nofp/libstdc++_nano.a(del_ops.o)
 .ARM.attributes
                0x000001f2       0x2c /usr/local/mcuxpressoide-25.6.136/ide/plugins/com.nxp.mcuxpresso.tools.linux_25.6.0.202501151204/tools/bin/../lib/gcc/arm-none-eabi/14.2.1/../../../../arm-none-eabi/lib/thumb/v6-m/nofp/libstdc++_nano.a(new_op.o)
 .ARM.attributes
                0x0000021e       0x2c /usr/local/mcuxpressoide-25.6.136/ide/plugins/com.nxp.mcuxpresso.tools.linux_25.6.0.202501151204/tools/bin/../lib/gcc/arm-none-eabi/14.2.1/../../../../arm-none-eabi/lib/thumb/v6-m/nofp/libstdc++_nano.a(new_opv.o)
 .ARM.attributes
                0x0000024a       0x2c /usr/local/mcuxpressoide-25.6.136/ide/plugins/com.nxp.mcuxpresso.tools.linux_25.6.0.202501151204/tools/bin/../lib/gcc/arm-none-eabi/14.2.1/../../../../arm-none-eabi/lib/thumb/v6-m/nofp/libstdc++_nano.a(del_op.o)
 .ARM.attributes
                0x00000276       0x2c /usr/local/mcuxpressoide-25.6.136/ide/plugins/com.nxp.mcuxpresso.tools.linux_25.6.0.202501151204/tools/bin/../lib/gcc/arm-none-eabi/14.2.1/../../../../arm-none-eabi/lib/thumb/v6-m/nofp/libstdc++_nano.a(new_handler.o)
 .ARM.attributes
                0x000002a2       0x2c /usr/local/mcuxpressoide-25.6.136/ide/plugins/com.nxp.mcuxpresso.tools.linux_25.6.0.202501151204/tools/bin/../lib/gcc/arm-none-eabi/14.2.1/../../../../arm-none-eabi/lib/thumb/v6-m/nofp/libcr_newlib_nohost.a(cr_abort.o)
 .ARM.attributes
                0x000002ce       0x1e /usr/local/mcuxpressoide-25.6.136/ide/plugins/com.nxp.mcuxpresso.tools.linux_25.6.0.202501151204/tools/bin/../lib/gcc/arm-none-eabi/14.2.1/thumb/v6-m/nofp/crti.o
 .ARM.attributes
                0x000002ec       0x1e /usr/local/mcuxpressoide-25.6.136/ide/plugins/com.nxp.mcuxpresso.tools.linux_25.6.0.202501151204/tools/bin/../lib/gcc/arm-none-eabi/14.2.1/thumb/v6-m/nofp/crtn.o
 .ARM.attributes
                0x0000030a       0x2c /usr/local/mcuxpressoide-25.6.136/ide/plugins/com.nxp.mcuxpresso.tools.linux_25.6.0.202501151204/tools/bin/../lib/gcc/arm-none-eabi/14.2.1/thumb/v6-m/nofp/crtbegin.o
 .ARM.attributes
                0x00000336       0x2c /usr/local/mcuxpressoide-25.6.136/ide/plugins/com.nxp.mcuxpresso.tools.linux_25.6.0.202501151204/tools/bin/../lib/gcc/arm-none-eabi/14.2.1/thumb/v6-m/nofp/crtend.o
 .ARM.attributes
                0x00000362       0x2c /usr/local/mcuxpressoide-25.6.136/ide/plugins/com.nxp.mcuxpresso.tools.linux_25.6.0.202501151204/tools/bin/../lib/gcc/arm-none-eabi/14.2.1/../../../../arm-none-eabi/lib/thumb/v6-m/nofp/libc_nano.a(libc_a-malloc.o)
 .ARM.attributes
                0x0000038e       0x2c /usr/local/mcuxpressoide-25.6.136/ide/plugins/com.nxp.mcuxpresso.tools.linux_25.6.0.202501151204/tools/bin/../lib/gcc/arm-none-eabi/14.2.1/../../../../arm-none-eabi/lib/thumb/v6-m/nofp/libc_nano.a(libc_a-mallocr.o)
 .ARM.attributes
                0x000003ba       0x2c /usr/local/mcuxpressoide-25.6.136/ide/plugins/com.nxp.mcuxpresso.tools.linux_25.6.0.202501151204/tools/bin/../lib/gcc/arm-none-eabi/14.2.1/../../../../arm-none-eabi/lib/thumb/v6-m/nofp/libc_nano.a(libc_a-mlock.o)
 .ARM.attributes
                0x000003e6       0x2c /usr/local/mcuxpressoide-25.6.136/ide/plugins/com.nxp.mcuxpresso.tools.linux_25.6.0.202501151204/tools/bin/../lib/gcc/arm-none-eabi/14.2.1/../../../../arm-none-eabi/lib/thumb/v6-m/nofp/libc_nano.a(libc_a-impure.o)
 .ARM.attributes
                0x00000412       0x2c /usr/local/mcuxpressoide-25.6.136/ide/plugins/com.nxp.mcuxpresso.tools.linux_25.6.0.202501151204/tools/bin/../lib/gcc/arm-none-eabi/14.2.1/../../../../arm-none-eabi/lib/thumb/v6-m/nofp/libc_nano.a(libc_a-sbrkr.o)
 .ARM.attributes
                0x0000043e       0x2c /usr/local/mcuxpressoide-25.6.136/ide/plugins/com.nxp.mcuxpresso.tools.linux_25.6.0.202501151204/tools/bin/../lib/gcc/arm-none-eabi/14.2.1/../../../../arm-none-eabi/lib/thumb/v6-m/nofp/libc_nano.a(libc_a-lock.o)
 .ARM.attributes
                0x0000046a       0x2c /usr/local/mcuxpressoide-25.6.136/ide/plugins/com.nxp.mcuxpresso.tools.linux_25.6.0.202501151204/tools/bin/../lib/gcc/arm-none-eabi/14.2.1/../../../../arm-none-eabi/lib/thumb/v6-m/nofp/libc_nano.a(libc_a-freer.o)
 .ARM.attributes
                0x00000496       0x2c /usr/local/mcuxpressoide-25.6.136/ide/plugins/com.nxp.mcuxpresso.tools.linux_25.6.0.202501151204/tools/bin/../lib/gcc/arm-none-eabi/14.2.1/../../../../arm-none-eabi/lib/thumb/v6-m/nofp/libc_nano.a(libc_a-reent.o)
 .ARM.attributes
                0x000004c2       0x2c /usr/local/mcuxpressoide-25.6.136/ide/plugins/com.nxp.mcuxpresso.tools.linux_25.6.0.202501151204/tools/bin/../lib/gcc/arm-none-eabi/14.2.1/../../../../arm-none-eabi/lib/thumb/v6-m/nofp/libcr_newlib_nohost.a(_cr_sbrk.o)
 .ARM.attributes
                0x000004ee       0x2c /usr/local/mcuxpressoide-25.6.136/ide/plugins/com.nxp.mcuxpresso.tools.linux_25.6.0.202501151204/tools/bin/../lib/gcc/arm-none-eabi/14.2.1/../../../../arm-none-eabi/lib/thumb/v6-m/nofp/libcr_newlib_nohost.a(_cr_check_heap.o)
 .ARM.attributes
                0x0000051a       0x2c /usr/local/mcuxpressoide-25.6.136/ide/plugins/com.nxp.mcuxpresso.tools.linux_25.6.0.202501151204/tools/bin/../lib/gcc/arm-none-eabi/14.2.1/../../../../arm-none-eabi/lib/thumb/v6-m/nofp/libc_nano.a(libc_a-errno.o)

.debug_frame    0x00000000      0xfa8
 .debug_frame   0x00000000      0xb0c /tmp/ccMoJGjt.ltrans0.ltrans.o
 .debug_frame   0x00000b0c       0x38 /home/mirko/Workspaces/MCUXpresso_25.6.136/CMSIS_CORE_LPC11xx/Release/libCMSIS_CORE_LPC11xx.a(system_LPC11xx.o)
 .debug_frame   0x00000b44       0x20 /usr/local/mcuxpressoide-25.6.136/ide/plugins/com.nxp.mcuxpresso.tools.linux_25.6.0.202501151204/tools/bin/../lib/gcc/arm-none-eabi/14.2.1/thumb/v6-m/nofp/libgcc.a(_udivsi3.o)
 .debug_frame   0x00000b64       0x20 /usr/local/mcuxpressoide-25.6.136/ide/plugins/com.nxp.mcuxpresso.tools.linux_25.6.0.202501151204/tools/bin/../lib/gcc/arm-none-eabi/14.2.1/thumb/v6-m/nofp/libgcc.a(_divsi3.o)
 .debug_frame   0x00000b84       0x20 /usr/local/mcuxpressoide-25.6.136/ide/plugins/com.nxp.mcuxpresso.tools.linux_25.6.0.202501151204/tools/bin/../lib/gcc/arm-none-eabi/14.2.1/../../../../arm-none-eabi/lib/thumb/v6-m/nofp/libc_nano.a(libc_a-memset.o)
 .debug_frame   0x00000ba4       0x2c /usr/local/mcuxpressoide-25.6.136/ide/plugins/com.nxp.mcuxpresso.tools.linux_25.6.0.202501151204/tools/bin/../lib/gcc/arm-none-eabi/14.2.1/../../../../arm-none-eabi/lib/thumb/v6-m/nofp/libc_nano.a(libc_a-init.o)
 .debug_frame   0x00000bd0       0x28 /usr/local/mcuxpressoide-25.6.136/ide/plugins/com.nxp.mcuxpresso.tools.linux_25.6.0.202501151204/tools/bin/../lib/gcc/arm-none-eabi/14.2.1/../../../../arm-none-eabi/lib/thumb/v6-m/nofp/libc_nano.a(libc_a-aeabi_atexit.o)
 .debug_frame   0x00000bf8       0x28 /usr/local/mcuxpressoide-25.6.136/ide/plugins/com.nxp.mcuxpresso.tools.linux_25.6.0.202501151204/tools/bin/../lib/gcc/arm-none-eabi/14.2.1/../../../../arm-none-eabi/lib/thumb/v6-m/nofp/libc_nano.a(libc_a-memcpy-stub.o)
 .debug_frame   0x00000c20       0x28 /usr/local/mcuxpressoide-25.6.136/ide/plugins/com.nxp.mcuxpresso.tools.linux_25.6.0.202501151204/tools/bin/../lib/gcc/arm-none-eabi/14.2.1/../../../../arm-none-eabi/lib/thumb/v6-m/nofp/libc_nano.a(libc_a-cxa_atexit.o)
 .debug_frame   0x00000c48       0x28 /usr/local/mcuxpressoide-25.6.136/ide/plugins/com.nxp.mcuxpresso.tools.linux_25.6.0.202501151204/tools/bin/../lib/gcc/arm-none-eabi/14.2.1/../../../../arm-none-eabi/lib/thumb/v6-m/nofp/libstdc++_nano.a(del_ops.o)
 .debug_frame   0x00000c70       0x28 /usr/local/mcuxpressoide-25.6.136/ide/plugins/com.nxp.mcuxpresso.tools.linux_25.6.0.202501151204/tools/bin/../lib/gcc/arm-none-eabi/14.2.1/../../../../arm-none-eabi/lib/thumb/v6-m/nofp/libstdc++_nano.a(new_op.o)
 .debug_frame   0x00000c98       0x28 /usr/local/mcuxpressoide-25.6.136/ide/plugins/com.nxp.mcuxpresso.tools.linux_25.6.0.202501151204/tools/bin/../lib/gcc/arm-none-eabi/14.2.1/../../../../arm-none-eabi/lib/thumb/v6-m/nofp/libstdc++_nano.a(new_opv.o)
 .debug_frame   0x00000cc0       0x28 /usr/local/mcuxpressoide-25.6.136/ide/plugins/com.nxp.mcuxpresso.tools.linux_25.6.0.202501151204/tools/bin/../lib/gcc/arm-none-eabi/14.2.1/../../../../arm-none-eabi/lib/thumb/v6-m/nofp/libstdc++_nano.a(del_op.o)
 .debug_frame   0x00000ce8       0x30 /usr/local/mcuxpressoide-25.6.136/ide/plugins/com.nxp.mcuxpresso.tools.linux_25.6.0.202501151204/tools/bin/../lib/gcc/arm-none-eabi/14.2.1/../../../../arm-none-eabi/lib/thumb/v6-m/nofp/libstdc++_nano.a(new_handler.o)
 .debug_frame   0x00000d18       0x20 /usr/local/mcuxpressoide-25.6.136/ide/plugins/com.nxp.mcuxpresso.tools.linux_25.6.0.202501151204/tools/bin/../lib/gcc/arm-none-eabi/14.2.1/../../../../arm-none-eabi/lib/thumb/v6-m/nofp/libcr_newlib_nohost.a(cr_abort.o)
 .debug_frame   0x00000d38       0x40 /usr/local/mcuxpressoide-25.6.136/ide/plugins/com.nxp.mcuxpresso.tools.linux_25.6.0.202501151204/tools/bin/../lib/gcc/arm-none-eabi/14.2.1/../../../../arm-none-eabi/lib/thumb/v6-m/nofp/libc_nano.a(libc_a-malloc.o)
 .debug_frame   0x00000d78       0x50 /usr/local/mcuxpressoide-25.6.136/ide/plugins/com.nxp.mcuxpresso.tools.linux_25.6.0.202501151204/tools/bin/../lib/gcc/arm-none-eabi/14.2.1/../../../../arm-none-eabi/lib/thumb/v6-m/nofp/libc_nano.a(libc_a-mallocr.o)
 .debug_frame   0x00000dc8       0x40 /usr/local/mcuxpressoide-25.6.136/ide/plugins/com.nxp.mcuxpresso.tools.linux_25.6.0.202501151204/tools/bin/../lib/gcc/arm-none-eabi/14.2.1/../../../../arm-none-eabi/lib/thumb/v6-m/nofp/libc_nano.a(libc_a-mlock.o)
 .debug_frame   0x00000e08       0x2c /usr/local/mcuxpressoide-25.6.136/ide/plugins/com.nxp.mcuxpresso.tools.linux_25.6.0.202501151204/tools/bin/../lib/gcc/arm-none-eabi/14.2.1/../../../../arm-none-eabi/lib/thumb/v6-m/nofp/libc_nano.a(libc_a-sbrkr.o)
 .debug_frame   0x00000e34       0xb0 /usr/local/mcuxpressoide-25.6.136/ide/plugins/com.nxp.mcuxpresso.tools.linux_25.6.0.202501151204/tools/bin/../lib/gcc/arm-none-eabi/14.2.1/../../../../arm-none-eabi/lib/thumb/v6-m/nofp/libc_nano.a(libc_a-lock.o)
 .debug_frame   0x00000ee4       0x2c /usr/local/mcuxpressoide-25.6.136/ide/plugins/com.nxp.mcuxpresso.tools.linux_25.6.0.202501151204/tools/bin/../lib/gcc/arm-none-eabi/14.2.1/../../../../arm-none-eabi/lib/thumb/v6-m/nofp/libc_nano.a(libc_a-freer.o)
 .debug_frame   0x00000f10       0x2c /usr/local/mcuxpressoide-25.6.136/ide/plugins/com.nxp.mcuxpresso.tools.linux_25.6.0.202501151204/tools/bin/../lib/gcc/arm-none-eabi/14.2.1/../../../../arm-none-eabi/lib/thumb/v6-m/nofp/libc_nano.a(libc_a-reent.o)
 .debug_frame   0x00000f3c       0x2c /usr/local/mcuxpressoide-25.6.136/ide/plugins/com.nxp.mcuxpresso.tools.linux_25.6.0.202501151204/tools/bin/../lib/gcc/arm-none-eabi/14.2.1/../../../../arm-none-eabi/lib/thumb/v6-m/nofp/libcr_newlib_nohost.a(_cr_sbrk.o)
 .debug_frame   0x00000f68       0x20 /usr/local/mcuxpressoide-25.6.136/ide/plugins/com.nxp.mcuxpresso.tools.linux_25.6.0.202501151204/tools/bin/../lib/gcc/arm-none-eabi/14.2.1/../../../../arm-none-eabi/lib/thumb/v6-m/nofp/libcr_newlib_nohost.a(_cr_check_heap.o)
 .debug_frame   0x00000f88       0x20 /usr/local/mcuxpressoide-25.6.136/ide/plugins/com.nxp.mcuxpresso.tools.linux_25.6.0.202501151204/tools/bin/../lib/gcc/arm-none-eabi/14.2.1/../../../../arm-none-eabi/lib/thumb/v6-m/nofp/libc_nano.a(libc_a-errno.o)

.debug_loc      0x00000000      0x12c
 .debug_loc     0x00000000       0xa4 /home/mirko/Workspaces/MCUXpresso_25.6.136/CMSIS_CORE_LPC11xx/Release/libCMSIS_CORE_LPC11xx.a(system_LPC11xx.o)
 .debug_loc     0x000000a4       0x66 /usr/local/mcuxpressoide-25.6.136/ide/plugins/com.nxp.mcuxpresso.tools.linux_25.6.0.202501151204/tools/bin/../lib/gcc/arm-none-eabi/14.2.1/../../../../arm-none-eabi/lib/thumb/v6-m/nofp/libcr_newlib_nohost.a(_cr_sbrk.o)
 .debug_loc     0x0000010a       0x22 /usr/local/mcuxpressoide-25.6.136/ide/plugins/com.nxp.mcuxpresso.tools.linux_25.6.0.202501151204/tools/bin/../lib/gcc/arm-none-eabi/14.2.1/../../../../arm-none-eabi/lib/thumb/v6-m/nofp/libcr_newlib_nohost.a(_cr_check_heap.o)

.debug_ranges   0x00000000       0x48
 .debug_ranges  0x00000000       0x18 /home/mirko/Workspaces/MCUXpresso_25.6.136/CMSIS_CORE_LPC11xx/Release/libCMSIS_CORE_LPC11xx.a(system_LPC11xx.o)
 .debug_ranges  0x00000018       0x10 /usr/local/mcuxpressoide-25.6.136/ide/plugins/com.nxp.mcuxpresso.tools.linux_25.6.0.202501151204/tools/bin/../lib/gcc/arm-none-eabi/14.2.1/../../../../arm-none-eabi/lib/thumb/v6-m/nofp/libcr_newlib_nohost.a(cr_abort.o)
 .debug_ranges  0x00000028       0x10 /usr/local/mcuxpressoide-25.6.136/ide/plugins/com.nxp.mcuxpresso.tools.linux_25.6.0.202501151204/tools/bin/../lib/gcc/arm-none-eabi/14.2.1/../../../../arm-none-eabi/lib/thumb/v6-m/nofp/libcr_newlib_nohost.a(_cr_sbrk.o)
 .debug_ranges  0x00000038       0x10 /usr/local/mcuxpressoide-25.6.136/ide/plugins/com.nxp.mcuxpresso.tools.linux_25.6.0.202501151204/tools/bin/../lib/gcc/arm-none-eabi/14.2.1/../../../../arm-none-eabi/lib/thumb/v6-m/nofp/libcr_newlib_nohost.a(_cr_check_heap.o)

.debug_line_str
                0x00000000      0x1a2
 .debug_line_str
                0x00000000      0x1a2 /usr/local/mcuxpressoide-25.6.136/ide/plugins/com.nxp.mcuxpresso.tools.linux_25.6.0.202501151204/tools/bin/../lib/gcc/arm-none-eabi/14.2.1/thumb/v6-m/nofp/libgcc.a(_udivsi3.o)
                                 0xc2 (size before relaxing)
 .debug_line_str
                0x000001a2       0xc2 /usr/local/mcuxpressoide-25.6.136/ide/plugins/com.nxp.mcuxpresso.tools.linux_25.6.0.202501151204/tools/bin/../lib/gcc/arm-none-eabi/14.2.1/thumb/v6-m/nofp/libgcc.a(_dvmd_tls.o)
 .debug_line_str
                0x000001a2       0xc2 /usr/local/mcuxpressoide-25.6.136/ide/plugins/com.nxp.mcuxpresso.tools.linux_25.6.0.202501151204/tools/bin/../lib/gcc/arm-none-eabi/14.2.1/thumb/v6-m/nofp/libgcc.a(_thumb1_case_uhi.o)
 .debug_line_str
                0x000001a2       0xc2 /usr/local/mcuxpressoide-25.6.136/ide/plugins/com.nxp.mcuxpresso.tools.linux_25.6.0.202501151204/tools/bin/../lib/gcc/arm-none-eabi/14.2.1/thumb/v6-m/nofp/libgcc.a(_divsi3.o)
 .debug_line_str
                0x000001a2       0xe0 /usr/local/mcuxpressoide-25.6.136/ide/plugins/com.nxp.mcuxpresso.tools.linux_25.6.0.202501151204/tools/bin/../lib/gcc/arm-none-eabi/14.2.1/../../../../arm-none-eabi/lib/thumb/v6-m/nofp/libc_nano.a(libc_a-strlen.o)
